// Jest Snapshot v1, https://goo.gl/fbAQLP

exports[`TimePicker.vue format work 1`] = `"<ul class=\\"ix-time-options\\"><li class=\\"ix-time-options__item\\">12</li><li class=\\"ix-time-options__item ix-time-options__item--selected\\">01</li><li class=\\"ix-time-options__item\\">02</li><li class=\\"ix-time-options__item\\">03</li><li class=\\"ix-time-options__item\\">04</li><li class=\\"ix-time-options__item\\">05</li><li class=\\"ix-time-options__item\\">06</li><li class=\\"ix-time-options__item\\">07</li><li class=\\"ix-time-options__item\\">08</li><li class=\\"ix-time-options__item\\">09</li><li class=\\"ix-time-options__item\\">10</li><li class=\\"ix-time-options__item\\">11</li></ul><ul class=\\"ix-time-options\\"><li class=\\"ix-time-options__item\\">00</li><li class=\\"ix-time-options__item ix-time-options__item--selected\\">01</li><li class=\\"ix-time-options__item\\">02</li><li class=\\"ix-time-options__item\\">03</li><li class=\\"ix-time-options__item\\">04</li><li class=\\"ix-time-options__item\\">05</li><li class=\\"ix-time-options__item\\">06</li><li class=\\"ix-time-options__item\\">07</li><li class=\\"ix-time-options__item\\">08</li><li class=\\"ix-time-options__item\\">09</li><li class=\\"ix-time-options__item\\">10</li><li class=\\"ix-time-options__item\\">11</li><li class=\\"ix-time-options__item\\">12</li><li class=\\"ix-time-options__item\\">13</li><li class=\\"ix-time-options__item\\">14</li><li class=\\"ix-time-options__item\\">15</li><li class=\\"ix-time-options__item\\">16</li><li class=\\"ix-time-options__item\\">17</li><li class=\\"ix-time-options__item\\">18</li><li class=\\"ix-time-options__item\\">19</li><li class=\\"ix-time-options__item\\">20</li><li class=\\"ix-time-options__item\\">21</li><li class=\\"ix-time-options__item\\">22</li><li class=\\"ix-time-options__item\\">23</li><li class=\\"ix-time-options__item\\">24</li><li class=\\"ix-time-options__item\\">25</li><li class=\\"ix-time-options__item\\">26</li><li class=\\"ix-time-options__item\\">27</li><li class=\\"ix-time-options__item\\">28</li><li class=\\"ix-time-options__item\\">29</li><li class=\\"ix-time-options__item\\">30</li><li class=\\"ix-time-options__item\\">31</li><li class=\\"ix-time-options__item\\">32</li><li class=\\"ix-time-options__item\\">33</li><li class=\\"ix-time-options__item\\">34</li><li class=\\"ix-time-options__item\\">35</li><li class=\\"ix-time-options__item\\">36</li><li class=\\"ix-time-options__item\\">37</li><li class=\\"ix-time-options__item\\">38</li><li class=\\"ix-time-options__item\\">39</li><li class=\\"ix-time-options__item\\">40</li><li class=\\"ix-time-options__item\\">41</li><li class=\\"ix-time-options__item\\">42</li><li class=\\"ix-time-options__item\\">43</li><li class=\\"ix-time-options__item\\">44</li><li class=\\"ix-time-options__item\\">45</li><li class=\\"ix-time-options__item\\">46</li><li class=\\"ix-time-options__item\\">47</li><li class=\\"ix-time-options__item\\">48</li><li class=\\"ix-time-options__item\\">49</li><li class=\\"ix-time-options__item\\">50</li><li class=\\"ix-time-options__item\\">51</li><li class=\\"ix-time-options__item\\">52</li><li class=\\"ix-time-options__item\\">53</li><li class=\\"ix-time-options__item\\">54</li><li class=\\"ix-time-options__item\\">55</li><li class=\\"ix-time-options__item\\">56</li><li class=\\"ix-time-options__item\\">57</li><li class=\\"ix-time-options__item\\">58</li><li class=\\"ix-time-options__item\\">59</li></ul><ul class=\\"ix-time-options\\"><li class=\\"ix-time-options__item\\">00</li><li class=\\"ix-time-options__item ix-time-options__item--selected\\">01</li><li class=\\"ix-time-options__item\\">02</li><li class=\\"ix-time-options__item\\">03</li><li class=\\"ix-time-options__item\\">04</li><li class=\\"ix-time-options__item\\">05</li><li class=\\"ix-time-options__item\\">06</li><li class=\\"ix-time-options__item\\">07</li><li class=\\"ix-time-options__item\\">08</li><li class=\\"ix-time-options__item\\">09</li><li class=\\"ix-time-options__item\\">10</li><li class=\\"ix-time-options__item\\">11</li><li class=\\"ix-time-options__item\\">12</li><li class=\\"ix-time-options__item\\">13</li><li class=\\"ix-time-options__item\\">14</li><li class=\\"ix-time-options__item\\">15</li><li class=\\"ix-time-options__item\\">16</li><li class=\\"ix-time-options__item\\">17</li><li class=\\"ix-time-options__item\\">18</li><li class=\\"ix-time-options__item\\">19</li><li class=\\"ix-time-options__item\\">20</li><li class=\\"ix-time-options__item\\">21</li><li class=\\"ix-time-options__item\\">22</li><li class=\\"ix-time-options__item\\">23</li><li class=\\"ix-time-options__item\\">24</li><li class=\\"ix-time-options__item\\">25</li><li class=\\"ix-time-options__item\\">26</li><li class=\\"ix-time-options__item\\">27</li><li class=\\"ix-time-options__item\\">28</li><li class=\\"ix-time-options__item\\">29</li><li class=\\"ix-time-options__item\\">30</li><li class=\\"ix-time-options__item\\">31</li><li class=\\"ix-time-options__item\\">32</li><li class=\\"ix-time-options__item\\">33</li><li class=\\"ix-time-options__item\\">34</li><li class=\\"ix-time-options__item\\">35</li><li class=\\"ix-time-options__item\\">36</li><li class=\\"ix-time-options__item\\">37</li><li class=\\"ix-time-options__item\\">38</li><li class=\\"ix-time-options__item\\">39</li><li class=\\"ix-time-options__item\\">40</li><li class=\\"ix-time-options__item\\">41</li><li class=\\"ix-time-options__item\\">42</li><li class=\\"ix-time-options__item\\">43</li><li class=\\"ix-time-options__item\\">44</li><li class=\\"ix-time-options__item\\">45</li><li class=\\"ix-time-options__item\\">46</li><li class=\\"ix-time-options__item\\">47</li><li class=\\"ix-time-options__item\\">48</li><li class=\\"ix-time-options__item\\">49</li><li class=\\"ix-time-options__item\\">50</li><li class=\\"ix-time-options__item\\">51</li><li class=\\"ix-time-options__item\\">52</li><li class=\\"ix-time-options__item\\">53</li><li class=\\"ix-time-options__item\\">54</li><li class=\\"ix-time-options__item\\">55</li><li class=\\"ix-time-options__item\\">56</li><li class=\\"ix-time-options__item\\">57</li><li class=\\"ix-time-options__item\\">58</li><li class=\\"ix-time-options__item\\">59</li></ul><ul class=\\"ix-time-options\\"><li class=\\"ix-time-options__item ix-time-options__item--selected\\">am</li><li class=\\"ix-time-options__item\\">pm</li></ul>"`;

exports[`TimePicker.vue format work 2`] = `"<ul class=\\"ix-time-options\\"><li class=\\"ix-time-options__item\\">12</li><li class=\\"ix-time-options__item ix-time-options__item--selected\\">01</li><li class=\\"ix-time-options__item\\">02</li><li class=\\"ix-time-options__item\\">03</li><li class=\\"ix-time-options__item\\">04</li><li class=\\"ix-time-options__item\\">05</li><li class=\\"ix-time-options__item\\">06</li><li class=\\"ix-time-options__item\\">07</li><li class=\\"ix-time-options__item\\">08</li><li class=\\"ix-time-options__item\\">09</li><li class=\\"ix-time-options__item\\">10</li><li class=\\"ix-time-options__item\\">11</li></ul><ul class=\\"ix-time-options\\"><li class=\\"ix-time-options__item\\">00</li><li class=\\"ix-time-options__item ix-time-options__item--selected\\">01</li><li class=\\"ix-time-options__item\\">02</li><li class=\\"ix-time-options__item\\">03</li><li class=\\"ix-time-options__item\\">04</li><li class=\\"ix-time-options__item\\">05</li><li class=\\"ix-time-options__item\\">06</li><li class=\\"ix-time-options__item\\">07</li><li class=\\"ix-time-options__item\\">08</li><li class=\\"ix-time-options__item\\">09</li><li class=\\"ix-time-options__item\\">10</li><li class=\\"ix-time-options__item\\">11</li><li class=\\"ix-time-options__item\\">12</li><li class=\\"ix-time-options__item\\">13</li><li class=\\"ix-time-options__item\\">14</li><li class=\\"ix-time-options__item\\">15</li><li class=\\"ix-time-options__item\\">16</li><li class=\\"ix-time-options__item\\">17</li><li class=\\"ix-time-options__item\\">18</li><li class=\\"ix-time-options__item\\">19</li><li class=\\"ix-time-options__item\\">20</li><li class=\\"ix-time-options__item\\">21</li><li class=\\"ix-time-options__item\\">22</li><li class=\\"ix-time-options__item\\">23</li><li class=\\"ix-time-options__item\\">24</li><li class=\\"ix-time-options__item\\">25</li><li class=\\"ix-time-options__item\\">26</li><li class=\\"ix-time-options__item\\">27</li><li class=\\"ix-time-options__item\\">28</li><li class=\\"ix-time-options__item\\">29</li><li class=\\"ix-time-options__item\\">30</li><li class=\\"ix-time-options__item\\">31</li><li class=\\"ix-time-options__item\\">32</li><li class=\\"ix-time-options__item\\">33</li><li class=\\"ix-time-options__item\\">34</li><li class=\\"ix-time-options__item\\">35</li><li class=\\"ix-time-options__item\\">36</li><li class=\\"ix-time-options__item\\">37</li><li class=\\"ix-time-options__item\\">38</li><li class=\\"ix-time-options__item\\">39</li><li class=\\"ix-time-options__item\\">40</li><li class=\\"ix-time-options__item\\">41</li><li class=\\"ix-time-options__item\\">42</li><li class=\\"ix-time-options__item\\">43</li><li class=\\"ix-time-options__item\\">44</li><li class=\\"ix-time-options__item\\">45</li><li class=\\"ix-time-options__item\\">46</li><li class=\\"ix-time-options__item\\">47</li><li class=\\"ix-time-options__item\\">48</li><li class=\\"ix-time-options__item\\">49</li><li class=\\"ix-time-options__item\\">50</li><li class=\\"ix-time-options__item\\">51</li><li class=\\"ix-time-options__item\\">52</li><li class=\\"ix-time-options__item\\">53</li><li class=\\"ix-time-options__item\\">54</li><li class=\\"ix-time-options__item\\">55</li><li class=\\"ix-time-options__item\\">56</li><li class=\\"ix-time-options__item\\">57</li><li class=\\"ix-time-options__item\\">58</li><li class=\\"ix-time-options__item\\">59</li></ul><ul class=\\"ix-time-options\\"><li class=\\"ix-time-options__item\\">00</li><li class=\\"ix-time-options__item ix-time-options__item--selected\\">01</li><li class=\\"ix-time-options__item\\">02</li><li class=\\"ix-time-options__item\\">03</li><li class=\\"ix-time-options__item\\">04</li><li class=\\"ix-time-options__item\\">05</li><li class=\\"ix-time-options__item\\">06</li><li class=\\"ix-time-options__item\\">07</li><li class=\\"ix-time-options__item\\">08</li><li class=\\"ix-time-options__item\\">09</li><li class=\\"ix-time-options__item\\">10</li><li class=\\"ix-time-options__item\\">11</li><li class=\\"ix-time-options__item\\">12</li><li class=\\"ix-time-options__item\\">13</li><li class=\\"ix-time-options__item\\">14</li><li class=\\"ix-time-options__item\\">15</li><li class=\\"ix-time-options__item\\">16</li><li class=\\"ix-time-options__item\\">17</li><li class=\\"ix-time-options__item\\">18</li><li class=\\"ix-time-options__item\\">19</li><li class=\\"ix-time-options__item\\">20</li><li class=\\"ix-time-options__item\\">21</li><li class=\\"ix-time-options__item\\">22</li><li class=\\"ix-time-options__item\\">23</li><li class=\\"ix-time-options__item\\">24</li><li class=\\"ix-time-options__item\\">25</li><li class=\\"ix-time-options__item\\">26</li><li class=\\"ix-time-options__item\\">27</li><li class=\\"ix-time-options__item\\">28</li><li class=\\"ix-time-options__item\\">29</li><li class=\\"ix-time-options__item\\">30</li><li class=\\"ix-time-options__item\\">31</li><li class=\\"ix-time-options__item\\">32</li><li class=\\"ix-time-options__item\\">33</li><li class=\\"ix-time-options__item\\">34</li><li class=\\"ix-time-options__item\\">35</li><li class=\\"ix-time-options__item\\">36</li><li class=\\"ix-time-options__item\\">37</li><li class=\\"ix-time-options__item\\">38</li><li class=\\"ix-time-options__item\\">39</li><li class=\\"ix-time-options__item\\">40</li><li class=\\"ix-time-options__item\\">41</li><li class=\\"ix-time-options__item\\">42</li><li class=\\"ix-time-options__item\\">43</li><li class=\\"ix-time-options__item\\">44</li><li class=\\"ix-time-options__item\\">45</li><li class=\\"ix-time-options__item\\">46</li><li class=\\"ix-time-options__item\\">47</li><li class=\\"ix-time-options__item\\">48</li><li class=\\"ix-time-options__item\\">49</li><li class=\\"ix-time-options__item\\">50</li><li class=\\"ix-time-options__item\\">51</li><li class=\\"ix-time-options__item\\">52</li><li class=\\"ix-time-options__item\\">53</li><li class=\\"ix-time-options__item\\">54</li><li class=\\"ix-time-options__item\\">55</li><li class=\\"ix-time-options__item\\">56</li><li class=\\"ix-time-options__item\\">57</li><li class=\\"ix-time-options__item\\">58</li><li class=\\"ix-time-options__item\\">59</li></ul><ul class=\\"ix-time-options\\"><li class=\\"ix-time-options__item ix-time-options__item--selected\\">am</li><li class=\\"ix-time-options__item\\">pm</li></ul>"`;

exports[`TimePicker.vue render work 1`] = `"<div class=\\"ix-time-picker\\"><span class=\\"ix-input ix-input-medium\\"><!--v-if--><span class=\\"ix-input-wrapper\\"><!--v-if--><input placeholder=\\"请选择时间\\" class=\\"ix-input-inner\\"><!--v-if--><span class=\\"ix-input-suffix\\"><span><i class=\\"ix-icon ix-icon-clock-circle\\" role=\\"img\\" arialabel=\\"clock-circle\\"></i></span></span></span><!--v-if--></span><!--teleport start--><!--teleport end--></div>"`;
